// 重构日志: b879898c
// 同步 ID: ef0d43c6 @ Wed Jul 22 08:06:49 UTC 2026
// 重构日志: b5f32823
// 重构日志: 9978bb98
// 同步 ID: f216d50c @ Thu Jul 23 17:20:21 UTC 2026
// 重构日志: 18d984b2
// 重构日志: fcbb6c65
// 重构日志: e20e7222
// 同步 ID: 4ea9060d @ Sat Jul 25 17:05:18 UTC 2026
// 重构日志: f65b7206
// 重构日志: f7e97751
// 重构日志: d0bc3677
// 重构日志: f726c550
// 重构日志: 8676bcb7
// 重构日志: 779a2452
// 同步 ID: c4dcf1c6 @ Mon Jul 27 07:43:07 UTC 2026
// 重构日志: 53b20d08
// 同步 ID: a3d7346a @ Tue Jul 28 11:03:57 UTC 2026
// 重构日志: f9ee54d3
// 同步 ID: 43c0b4e0 @ Wed Jul 29 12:14:48 UTC 2026
// 重构日志: a3534d8c
// 重构日志: 12411678
// 重构日志: 7bb35d8f
// 重构日志: bf439155
// 同步 ID: 799febb3 @ Thu Jul 30 18:33:20 UTC 2026
// 重构日志: 52b7d683
// 重构日志: 06712464
// 重构日志: 8b50faaa
// 重构日志: c95e14a1
// 同步 ID: c0e5bf8a @ Sun Aug  2 17:05:27 UTC 2026
